// Jest Snapshot v1, https://goo.gl/fbAQLP

exports[`Routes component matches snapshot 1`] = `
<BrowserRouter>
  <div>
    <Switch>
      <Route
        component={[Function]}
        exact={true}
        path="/"
      />
      <Route
        component={[Function]}
        path="/child/:id"
      />
      <Route
        component={[Function]}
      />
    </Switch>
  </div>
</BrowserRouter>
`;
